
> rental-system-frontend@1.0.0 build
> vite build

[36mvite v7.2.4 [32mbuilding client environment for production...[36m[39m
transforming...
[32mΓ£ô[39m 23 modules transformed.
npm : [31mΓ£ù[39m 
Build failed in 807ms
At line:1 char:1
+ npm run build > 
build_error.log 2>&1
+ ~~~~~~~~~~~~~~~~~~~
~~~~~~~~~~~~~~~~~
    + CategoryInfo   
           : NotSpe  
  cified: ([31mΓ£   
 ù[39m Build fai    
led in 807ms:Str    
ing) [], RemoteE    
xception
    + FullyQualified 
   ErrorId : Native  
  CommandError
 
[31merror during 
build:
[31m[vite:esbuild] 
Transform failed 
with 1 error:
C:/Users/Sh4aN/Downlo
ads/rental-system-fea
tures-update (1)/fron
tend/src/components/I
nventoryManager.jsx:2
3:36: ERROR: 
Expected ")" but 
found ":"[31m
file: [36mC:/Users/S
h4aN/Downloads/rental
-system-features-upda
te (1)/frontend/src/c
omponents/InventoryMa
nager.jsx:23:36[31m
[33m
[33mExpected ")" 
but found ":"[33m
21 |    });
22 |  
23 |    const 
handleAddCategory = 
async (e: 
React.FormEvent) => {
   |                 
                     
^
24 |      
e.preventDefault();
25 |      if (!newCat
egoryName.trim()) 
return;
[31m
    at 
failureErrorWithLog (
C:\Users\Sh4aN\Downlo
ads\rental-system-fea
tures-update (1)\fron
tend\node_modules\esb
uild\lib\main.js:1467
:15)
    at C:\Users\Sh4aN
\Downloads\rental-sys
tem-features-update (
1)\frontend\node_modu
les\esbuild\lib\main.
js:736:50
    at responseCallba
cks.<computed> (C:\Us
ers\Sh4aN\Downloads\r
ental-system-features
-update (1)\frontend\
node_modules\esbuild\
lib\main.js:603:9)
    at 
handleIncomingPacket 
(C:\Users\Sh4aN\Downl
oads\rental-system-fe
atures-update (1)\fro
ntend\node_modules\es
build\lib\main.js:658
:12)
    at Socket.readFro
mStdout (C:\Users\Sh4
aN\Downloads\rental-s
ystem-features-update
 (1)\frontend\node_mo
dules\esbuild\lib\mai
n.js:581:7)
    at Socket.emit 
(node:events:524:28)
    at addChunk (node
:internal/streams/rea
dable:561:12)
    at readableAddChu
nkPushByteMode (node:
internal/streams/read
able:512:3)
    at Readable.push 
(node:internal/stream
s/readable:392:5)
    at 
Pipe.onStreamRead (no
de:internal/stream_ba
se_commons:191:23)[3
9m
